1	kAnI	unk	<fs af='kAnI,avy,,,,,0,0_avy'>|<fs af='kAni,avy,,,,,V,V_avy'>|<fs af='kAni,avy,,,,,V,V_avy'>
2	ippudu	unk	<fs af='ippudu,n,,sg,,d,0,0'>|<fs af='ippudu,n,,sg,,o,ti,ti'>
3	avi	unk	<fs af='axi,pn,fn,pl,3,d,0,0'>
4	kanipiMcadaM	unk	<fs af='kanipiMcu,v,any,any,any,,adaM,adaM'>
5	lexu	unk	<fs af='gala,v,fn,sg,3,,a,a'>|<fs af='uMdu,v,any,any,any,,a_lexu,a_lexu'>
6	.	unk	<fs af='&dot;,punc,,,,,,'>
