1	aMxuke	unk	<fs af='aMxuke,avy,,,,,,'>
2	palleVllo	unk	<fs af='palleV,n,,pl,,,lo,lo'>
3	cAlA	unk	<fs af='cAlA,avy,,,,,0,0_avy'>|<fs af='cAlu,v,any,any,any,,i_A,i_A'>|<fs af='cAlu,avy,,,,,A,A_avy'>
4	maMxi	unk	<fs af='maMxi,n,,pl,,d,0,0'>|<fs af='maMxi,n,,pl,,,vu,vu'>|<fs af='maMxi,n,,pl,,o,ti,ti'>|<fs af='manu,v,fn,sg,3,,A,A'>
5	ArogyaMgA	unk	<fs af='ArogyaM,n,,sg,,,gA,gA'>
6	uMtAru	unk	<fs af='uMdu,v,fm,pl,3,,wA,wA'>
7	.	unk	<fs af='&dot;,punc,,,,,,'>
