1	ixi	unk	<fs af='ixi,pn,fn,sg,3,d,0,0'>
2	cAlA	unk	<fs af='cAlA,avy,,,,,0,0_avy'>|<fs af='cAlu,v,any,any,any,,i_A,i_A'>|<fs af='cAlu,avy,,,,,A,A_avy'>
3	maMxiki	unk	<fs af='maMxi,n,,pl,,,ki,ki'>
4	weVliyaxu	unk	<fs af='weVliyu,v,fn,sg,3,,a,a'>
5	.	unk	<fs af='&dot;,punc,,,,,,'>
