1	varRA	unk	<fs af='varRA,n,,sg,,d,0,0'>|<fs af='varRA,n,,sg,,o,ti,ti'>
2	kAlaM	unk	<fs af='kAlaM,n,,sg,,d,0,0'>|<fs af='kAlu,v,,pl,1,,a,a'>
3	vacciMxi	unk	<fs af='vaccu,v,fn,sg,3,,A,A'>
4	aMte	unk	<fs af='aMte,avy,,,,,,'>|<fs af='aMta,avy,,,,,e,e_avy'>|<fs af='aMtu,n,,sg,,,0,0_e'>|<fs af='aMtu,v,any,any,any,,e,e'>|<fs af='aMtu,v,any,any,any,,i,i_e'>|<fs af='anu,v,any,any,any,,we,we'>
5	palleVllo	unk	<fs af='palleV,n,,pl,,,lo,lo'>
6	puttagoVdugulu	unk	<fs af='puttagoVdugu,n,,pl,,d,0,0'>|<fs af='puttagoVdugu,n,,pl,,,vu,vu'>
7	eVkkadapadiwe	unk	<fs af='eVkkadapadiwe,avy,,,,,,'>
8	akkada	unk	<fs af='akkada,adv,,,,,0,0_adv'>
9	kanipiswAyi	unk	<fs af='kanipiMcu,v,n,pl,3,,wA,wA'>
10	.	unk	<fs af='&dot;,punc,,,,,,'>
