1	waracU	unk	<fs af='waracU,avy,,,,,,'>
2	gummadini	unk	<fs af='gummadi,n,,sg,,,nu,nu'>|<fs af='gummadi,n,,sg,,,ni,ni'>
3	wIsukovadaM	unk	<fs af='wIsuko,v,any,any,any,,adaM,adaM'>|<fs af='wIsuko,v,any,any,any,,adaM,adaM'>
4	valana	unk	<fs af='valana,avy,,,,,0,0_avy'>|<fs af='vala,n,,sg,,,na,na'>
5	gyAstrik	unk	<fs af='gyAstrik,n,,sg,,d,0,0'>|<fs af='gyAstrik,n,,sg,,o,ti,ti'>
6	nuMci	unk	<fs af='nuMci,avy,,,,,0,0_avy'>
7	upaSamanaM	unk	<fs af='upaSamanaM,n,,sg,,d,0,0'>
8	laBiswuMxi	unk	<fs af='laBiMcu,v,fn,sg,3,,wA,wA'>
9	.	unk	<fs af='&dot;,punc,,,,,,'>
