1	ixi	unk	<fs af='ixi,pn,fn,sg,3,d,0,0'>
2	sahajaM	unk	<fs af='sahajaM,n,,sg,,d,0,0'>
3	.	unk	<fs af='&dot;,punc,,,,,,'>
