1	ivi	unk	<fs af='ivi,pn,,sg,,d,0,0' deri_cat='n'>|<fs af='ivi,pn,,sg,,o,ti,ti' deri_cat='n'>|<fs af='ixi,pn,fn,pl,3,d,0,0'>
2	annI	unk	<fs af='annI,avy,,,,,0,0_avy'>|<fs af='anni,pn,,pl,,,0,0_V'>
3	vAriki	unk	<fs af='vAriki,n,,sg,,d,0,0'>|<fs af='vAriki,n,,sg,,o,ti,ti'>|<fs af='vAru,pn,fm,pl,3,,ki,ki'>
4	prakqwi	unk	<fs af='prakqwi,n,,sg,,d,0,0'>|<fs af='prakqwi,n,,sg,,o,ti,ti'>
5	prasAxiMcina	unk	<fs af='prasAxiMcu,v,any,any,any,,ina,ina'>
6	varame	unk	<fs af='varaM,n,,sg,,,0,0_e'>
7	.	unk	<fs af='&dot;,punc,,,,,,'>
