1	puttagoVdugulawo	unk	<fs af='puttagoVdugu,n,,pl,,,wo,wo'>
2	guMdeV	unk	<fs af='guMdeV,n,,sg,,d,0,0'>|<fs af='guMdeV,n,,sg,,o,ti,ti'>
3	paxilaM	unk	<fs af='paxilaM,n,,sg,,d,0,0'>
4	.	unk	<fs af='&dot;,punc,,,,,,'>
