<Sentence id="1">
1	1802లో	unk
2	మేథ్యూ	unk
3	ప్లిండర్స్	unk
4	అనే	unk
5	నావికుడొకరు	unk
6	మొట్టమొదటిసారిగా	unk
7	ఈ	unk
8	దీవిని	unk
9	కనుగొని	unk
10	కంగారూ	unk
11	ఐలాండ్	unk
12	అనే	unk
13	పేరు	unk
14	పెట్టాడని	unk
15	చెబుతుంటారు	unk
16	.	unk
</Sentence>

