<Sentence id="1">
1	సింగపూర్	unk
2	కంటే	unk
3	ఏడురెట్లు	unk
4	పెద్దదైన	unk
5	ఈ	unk
6	కంగారూ	unk
7	దీవి	unk
8	అద్భుతమైన	unk
9	వన్యప్రాణులకు	unk
10	,	unk
11	వృక్షజాతులకు	unk
12	పుట్టినిల్లు	unk
13	.	unk
</Sentence>

