<Sentence id="1">
1	గ్రేట్	unk
2	బారియర్	unk
3	రీఫ్...	unk
</Sentence>

