<Sentence id="1">
1	మాదానాయుడి	unk
2	తండ్రి	unk
3	సింగమనాయుడు	unk
4	దుర్గం	unk
5	కొంత	unk
6	భాగం	unk
7	నిర్మాణం	unk
8	పూర్తి	unk
9	చేసినా	unk
10	,	unk
11	పూర్థి	unk
12	స్థాయిలో	unk
13	మాదానాయుడి	unk
14	కాలంలోనే	unk
15	రూపొందినట్లు	unk
16	తెలుస్తోంది	unk
17	.	unk
</Sentence>

