<Sentence id="1">
1	ఆస్ట్రేలియా	unk
2	ఖండంలో	unk
3	ముందుగా	unk
4	చెప్పుకోవాల్సింది	unk
5	ప్రపంచంలోకెల్లా	unk
6	పెద్దదైన	unk
7	ఈ	unk
8	"	unk
9	పగడాల	unk
10	దిబ్బ	unk
11	"	unk
12	గురించే	unk
13	.	unk
</Sentence>

