<Sentence id="1">
1	అడిలైడ్	unk
2	నగరానికి	unk
3	దాదాపు	unk
4	100	unk
5	కిలోమీటర్ల	unk
6	దూరంలో	unk
7	ఉండే	unk
8	"	unk
9	కేప్	unk
10	జర్విస్	unk
11	"	unk
12	అనే	unk
13	రేవు	unk
14	నుండి	unk
15	సముద్రంలో	unk
16	దాదాపు	unk
17	15	unk
18	కిలోమీటర్ల	unk
19	మేర	unk
20	ఇది	unk
21	ఉంటుంది	unk
22	.	unk
</Sentence>

