<Sentence id="1">
1	దాంతో	unk
2	1981లో	unk
3	ఈ	unk
4	ప్రాంతాన్ని	unk
5	"	unk
6	వరల్డ్	unk
7	హెరిటేజ్	unk
8	"	unk
9	ప్రకటించారు	unk
10	.	unk
</Sentence>

