<Sentence id="1">
1	ఇక్కడ	unk
2	వన్యప్రాణులన్నీ	unk
3	జూలోనో	unk
4	,	unk
5	పార్కులోనో	unk
6	బంధించినట్లుగా	unk
7	కాక..	unk
8	స్వేచ్ఛగా	unk
9	తిరుగుతూ	unk
10	ఉంటాయి	unk
11	.	unk
</Sentence>

