<Sentence id="1">
1	సువిశాలమైన	unk
2	ఎత్తైన	unk
3	కొండలు	unk
4	హెచ్చుతగ్గులుండటంచేత	unk
5	అందుకు	unk
6	అనుగుణంగా	unk
7	చుట్టూ	unk
8	ఒకే	unk
9	ప్రాకారాన్ని	unk
10	కాకుండా	unk
11	,	unk
12	ఒకదాని	unk
13	వెనుక	unk
14	మరొకటిగా	unk
15	అనేక	unk
16	ప్రాకారాలను	unk
17	సంపూర్ణ	unk
18	పరిజ్ఞానంతో	unk
19	నిర్మించారు	unk
20	.	unk
</Sentence>

