<Sentence id="1">
1	కంగారూ	unk
2	దీవి...	unk
3	ఇది	unk
4	ఏషియా	unk
5	ఫసిఫిక్	unk
6	ప్రాంతంలో	unk
7	ఉండే	unk
8	అన్ని	unk
9	దీవుల్లోకెల్లా	unk
10	అందమైనదిగా	unk
11	పేరుగాంచింది	unk
12	.	unk
</Sentence>

