<Sentence id="1">
1	పర్యాటకుల	unk
2	వల్ల	unk
3	ప్రభుత్వానికి	unk
4	బోలెడంత	unk
5	ఆదాయం	unk
6	సమకూరినా..	unk
7	కొంతవరకు	unk
8	అక్కడ	unk
9	జీవించే	unk
10	జంతుజాలానికి	unk
11	మాత్రం	unk
12	హాని	unk
13	జరుగుతోంది	unk
14	.	unk
</Sentence>

