<Sentence id="1">
1	అందుకనే	unk
2	ఆస్ట్రేలియా	unk
3	ప్రభుత్వం	unk
4	క్వీన్స్	unk
5	లాండ్	unk
6	ప్రభుత్వ	unk
7	సహకారంతో	unk
8	ఈ	unk
9	ప్రాంతాన్నంతటినీ	unk
10	పరిరక్షిత	unk
11	ప్రాంతంగా	unk
12	ప్రకటించి	unk
13	అనేక	unk
14	రక్షణ	unk
15	చర్యలను	unk
16	చేపడుతోంది	unk
17	.	unk
</Sentence>

