<Sentence id="1">
1	ఆ	unk
2	చేపల	unk
3	రంగులు	unk
4	,	unk
5	వాటి	unk
6	శరీరంపై	unk
7	ఉండే	unk
8	మిలమిలలు	unk
9	,	unk
10	డిజైన్లను	unk
11	కళ్లారా	unk
12	చూడాల్సిందే	unk
13	తప్ప	unk
14	మాటల్లో	unk
15	మాత్రం	unk
16	వర్ణించేందుకు	unk
17	వీలుకాదు	unk
18	.	unk
</Sentence>

