<Sentence id="1">
1	ప్రపంచంలో	unk
2	ఉండే	unk
3	ఇలాంటి	unk
4	రీఫ్	unk
5	లలో	unk
6	ఇరవై	unk
7	శాతం	unk
8	మేరకు	unk
9	ఆస్ట్రేలియా	unk
10	చుట్టూ	unk
11	ఉండే	unk
12	సముద్ర	unk
13	ప్రాంతాలలోనే	unk
14	ఉండటం	unk
15	విశేషంగా	unk
16	చెప్పవచ్చు	unk
17	.	unk
</Sentence>

