<Sentence id="1">
1	భూమికి	unk
2	చాలా	unk
3	ఎత్తు	unk
4	నుంచి	unk
5	కూడా	unk
6	ఇది	unk
7	కనిపిస్తుందని	unk
8	చెబుతుంటారు	unk
9	.	unk
</Sentence>

