<Sentence id="1">
1	వీరి	unk
2	వంశంలో	unk
3	8వ	unk
4	తరానికి	unk
5	చెందిన	unk
6	రెండవ	unk
7	మాదానాయుడు	unk
8	కాలంలోనే	unk
9	దేవరకొండ	unk
10	దుర్గం	unk
11	నిర్మాణం	unk
12	జరిపినట్లు	unk
13	చరిత్రకారులు	unk
14	చెబుతున్నారు	unk
15	.	unk
</Sentence>

