<Sentence id="1">
1	కానీ	unk
2	ఇక్కడేముంది	unk
3	?	unk
</Sentence>

