<Sentence id="1">
1	కొవాలా	unk
2	,	unk
3	సీల్సు	unk
4	,	unk
5	ఎకిడ్నా	unk
6	,	unk
7	కంగారూ..	unk
8	తదితతర	unk
9	జంతుజాలం	unk
10	హాయిగా	unk
11	,	unk
12	సురక్షితంగా	unk
13	ఇక్కడ	unk
14	సంచరిస్తూ	unk
15	ఉంటాయి	unk
16	.	unk
</Sentence>

