<Sentence id="1">
1	ఇంతటి	unk
2	అందాలను	unk
3	తనలో	unk
4	దాచుకున్న	unk
5	ఆస్ట్రేలియా	unk
6	ఖండంలో	unk
7	చూడదగ్గ	unk
8	విశేషాలను	unk
9	ఇప్పుడు	unk
10	తెలుసుకుందాం..	unk
11	!	unk
</Sentence>

