1	kAnI	unk	<fs af='kAnI,avy,,,,,0,0_avy'>|<fs af='kAni,avy,,,,,V,V_avy'>|<fs af='kAni,avy,,,,,V,V_avy'>
2	ikkada	unk	<fs af='ikkada,n,,sg,,d,0,0'>|<fs af='ikkada,n,,sg,,o,ti,ti'>
3	emuMxi	unk	<fs af='emuMxi,avy,,,,,0,0_avy'>
4	?	unk	<fs af='&qus;,punc,,,,,,'>
