1	BUmiki	unk	<fs af='BUmi,n,,sg,,,ki,ki'>
2	cAlA	unk	<fs af='cAlA,avy,,,,,0,0_avy'>|<fs af='cAlu,v,any,any,any,,i_A,i_A'>|<fs af='cAlu,avy,,,,,A,A_avy'>
3	eVwwu	unk	<fs af='eVwwu,adj,,,,,0,0_adj'>|<fs af='eVwwu,n,,sg,,d,0,0'>|<fs af='eVwwu,n,,sg,,o,ti,ti'>|<fs af='eVwwu,v,,sg,2,,AjFArWa,AjFArWa'>
4	nuMci	unk	<fs af='nuMci,avy,,,,,0,0_avy'>
5	kUdA	unk	<fs af='kUdA,avy,,,,,0,0_avy'>|<fs af='kUdu,v,any,any,any,,i_A,i_A'>|<fs af='kUdu,n,,sg,,,0,0_A'>
6	ixi	unk	<fs af='ixi,pn,fn,sg,3,d,0,0'>
7	kanipiswuMxi	unk	<fs af='kanipiMcu,v,fn,sg,3,,wA,wA'>
8	ani	unk	<fs af='ani,avy,,,,,0,0_avy'>|<fs af='ani,avy,,,,,0,0_avy'>|<fs af='anu,v,any,any,any,,i,i'>
9	ceVbuwuMtAru	unk	<fs af='ceVppu,v,fm,pl,3,,wU_uMdu_wA,wU_uMdu_wA'>
10	.	unk	<fs af='&dot;,punc,,,,,,'>
