1	aMxukane	unk	<fs af='aMxukane,avy,,,,,,'>
2	AstreliyA	unk	<fs af='AstreliyA,n,,sg,,d,0,0'>|<fs af='AstreliyA,n,,sg,,o,ti,ti'>
3	praBuwvaM	unk	<fs af='praBuwvaM,n,,sg,,d,0,0'>
4	kvIns	unk	<fs af='kvIns,n,,sg,,d,0,0'>|<fs af='kvIns,n,,sg,,o,ti,ti'>
5	lAMd	unk	<fs af='lAMd,unk,,,,,,'>
6	praBuwva	unk	<fs af='praBuwvaM,n,,sg,,o,ti,ti'>
7	sahakAraMwo	unk	<fs af='sahakAraM,n,,sg,,,wo,wo'>
8	I	unk	<fs af='I,avy,,,,,,'>|<fs af='I,avy,,,,,,'>
9	prAMwAnni	unk	<fs af='prAMwaM,n,,sg,,,nu,nu'>|<fs af='prAMwaM,n,,sg,,,ni,ni'>
10	aMwatinI	unk	<fs af='aMwatinI,unk,,,,,,'>
11	parirakRiwa	unk	<fs af='parirakRiwaM,n,,sg,,o,ti,ti'>
12	prAMwaMgA	unk	<fs af='prAMwaM,n,,sg,,,gA,gA'>
13	prakatiMci	unk	<fs af='prakatiMcu,v,any,any,any,,i,i'>|<fs af='prakatiMcu,v,any,any,any,,i,i'>
14	aneka	unk	<fs af='aneka,adj,,,,,0,0_adj'>|<fs af='anekaM,n,,sg,,o,ti,ti'>|<fs af='anekudu,n,,sg,,o,ti,ti'>
15	rakRaNa	unk	<fs af='rakRaNa,n,,sg,,d,0,0'>|<fs af='rakRaNa,n,,sg,,o,ti,ti'>
16	caryalanu	unk	<fs af='carya,n,,pl,,,ni,ni'>
17	cepaduwoMxi	unk	<fs af='cepattu,v,fn,sg,3,,wunn,wunn'>
18	.	unk	<fs af='&dot;,punc,,,,,,'>
